src/app/(dashboard)/dashboard/children/ChildrenContent.tsx(576,36): error TS7006: Parameter 'child' implicitly has an 'any' type.
src/app/(dashboard)/dashboard/children/ChildrenContent.tsx(620,53): error TS7006: Parameter 'option' implicitly has an 'any' type.
src/app/(dashboard)/dashboard/children/ChildrenContent.tsx(649,48): error TS7006: Parameter 'child' implicitly has an 'any' type.
src/app/(dashboard)/dashboard/children/ChildrenContent.tsx(896,81): error TS7006: Parameter 'option' implicitly has an 'any' type.
src/app/(dashboard)/dashboard/children/ClassesContent.tsx(396,63): error TS7006: Parameter 'group' implicitly has an 'any' type.
src/hooks/children/useChildAttendanceSummary.ts(67,18): error TS2769: No overload matches this call.
  Overload 1 of 2, '(values: never, options?: { count?: "exact" | "planned" | "estimated" | undefined; } | undefined): PostgrestFilterBuilder<{ PostgrestVersion: "12"; }, never, never, null, "child_attendance_summary", never, "POST">', gave the following error.
    Argument of type '{ organization_id: string; date: string; service_type: string; expected_attendance: number; total_attendance: number; notes: string | null; }' is not assignable to parameter of type 'never'.
  Overload 2 of 2, '(values: never[], options?: { count?: "exact" | "planned" | "estimated" | undefined; defaultToNull?: boolean | undefined; } | undefined): PostgrestFilterBuilder<{ PostgrestVersion: "12"; }, never, never, null, "child_attendance_summary", never, "POST">', gave the following error.
    Object literal may only specify known properties, and 'organization_id' does not exist in type 'never[]'.
src/hooks/children/useChildAttendanceSummary.ts(110,25): error TS2345: Argument of type '{ organization_id?: string | undefined; date?: string | undefined; service_type?: string | undefined; expected_attendance?: number | undefined; total_attendance?: number | undefined; notes?: string | undefined; created_at?: string | undefined; updated_at?: string | undefined; }' is not assignable to parameter of type 'never'.
src/hooks/children/useChildAttendanceSummary.ts(169,37): error TS2339: Property 'date' does not exist on type 'never'.
src/hooks/children/useChildAttendanceSummary.ts(170,45): error TS2339: Property 'service_type' does not exist on type 'never'.
src/hooks/children/useChildAttendanceSummary.ts(224,25): error TS2769: No overload matches this call.
  Overload 1 of 2, '(values: never, options?: { onConflict?: string | undefined; ignoreDuplicates?: boolean | undefined; count?: "exact" | "planned" | "estimated" | undefined; } | undefined): PostgrestFilterBuilder<{ ...; }, ... 5 more ..., "POST">', gave the following error.
    Argument of type '{ organization_id: string; date: string; service_type: string; expected_attendance: number; total_attendance: number; notes: string | null; }' is not assignable to parameter of type 'never'.
  Overload 2 of 2, '(values: never[], options?: { onConflict?: string | undefined; ignoreDuplicates?: boolean | undefined; count?: "exact" | "planned" | "estimated" | undefined; defaultToNull?: boolean | undefined; } | undefined): PostgrestFilterBuilder<...>', gave the following error.
    Argument of type '{ organization_id: string; date: string; service_type: string; expected_attendance: number; total_attendance: number; notes: string | null; }' is not assignable to parameter of type 'never[]'.
      Type '{ organization_id: string; date: string; service_type: string; expected_attendance: number; total_attendance: number; notes: string | null; }' is missing the following properties from type 'never[]': length, pop, push, concat, and 35 more.
